#-----------------------------------------------------------
# Vivado v2018.2 (64-bit)
# SW Build 2258646 on Thu Jun 14 20:02:38 MDT 2018
# IP Build 2256618 on Thu Jun 14 22:10:49 MDT 2018
# Start of session at: Thu Jul 22 18:13:12 2021
# Process ID: 3448
# Current directory: /home/oem/Research/Research/pmdk/src/examples/libpmemobj/map
# Command line: vivado
# Log file: /home/oem/Research/Research/pmdk/src/examples/libpmemobj/map/vivado.log
# Journal file: /home/oem/Research/Research/pmdk/src/examples/libpmemobj/map/vivado.jou
#-----------------------------------------------------------
start_gui
open_project /home/oem/RTL/backups/Undolog2/PCIeMEM/PCIeMEM.xpr
update_compile_order -fileset sources_1
open_hw
connect_hw_server
open_hw_target
set_property PROGRAM.FILE {/home/oem/RTL/backups/Undolog2/finalbitfiles/design_1_wrapper.bit} [get_hw_devices xcvu9p_0]
set_property PROBES.FILE {/home/oem/RTL/backups/Undolog2/finalbitfiles/design_1_wrapper.ltx} [get_hw_devices xcvu9p_0]
set_property FULL_PROBES.FILE {/home/oem/RTL/backups/Undolog2/finalbitfiles/design_1_wrapper.ltx} [get_hw_devices xcvu9p_0]
current_hw_device [get_hw_devices xcvu9p_0]
refresh_hw_device [lindex [get_hw_devices xcvu9p_0] 0]
display_hw_ila_data [ get_hw_ila_data hw_ila_data_1 -of_objects [get_hw_ilas -of_objects [get_hw_devices xcvu9p_0] -filter {CELL_NAME=~"design_1_i/ila_0"}]]
display_hw_ila_data [ get_hw_ila_data hw_ila_data_2 -of_objects [get_hw_ilas -of_objects [get_hw_devices xcvu9p_0] -filter {CELL_NAME=~"design_1_i/ila_1"}]]
display_hw_ila_data [ get_hw_ila_data hw_ila_data_3 -of_objects [get_hw_ilas -of_objects [get_hw_devices xcvu9p_0] -filter {CELL_NAME=~"design_1_i/ila_2"}]]
display_hw_ila_data [ get_hw_ila_data hw_ila_data_4 -of_objects [get_hw_ilas -of_objects [get_hw_devices xcvu9p_0] -filter {CELL_NAME=~"design_1_i/ila_3"}]]
set_property PROBES.FILE {/home/oem/RTL/backups/Undolog2/PCIeMEM/PCIeMEM.runs/impl_1/design_1_wrapper.ltx} [get_hw_devices xcvu9p_0]
set_property FULL_PROBES.FILE {/home/oem/RTL/backups/Undolog2/PCIeMEM/PCIeMEM.runs/impl_1/design_1_wrapper.ltx} [get_hw_devices xcvu9p_0]
set_property PROGRAM.FILE {/home/oem/RTL/backups/Undolog2/PCIeMEM/PCIeMEM.runs/impl_1/design_1_wrapper.bit} [get_hw_devices xcvu9p_0]
program_hw_devices [get_hw_devices xcvu9p_0]
refresh_hw_device [lindex [get_hw_devices xcvu9p_0] 0]
