#-----------------------------------------------------------
# Vivado v2018.2 (64-bit)
# SW Build 2258646 on Thu Jun 14 20:02:38 MDT 2018
# IP Build 2256618 on Thu Jun 14 22:10:49 MDT 2018
# Start of session at: Mon Nov 22 01:06:09 2021
# Process ID: 57581
# Current directory: /home/oem/Research/Research/pmdkOrig1/src/examples/libpmemobj/map
# Command line: vivado
# Log file: /home/oem/Research/Research/pmdkOrig1/src/examples/libpmemobj/map/vivado.log
# Journal file: /home/oem/Research/Research/pmdkOrig1/src/examples/libpmemobj/map/vivado.jou
#-----------------------------------------------------------
start_gui
open_project /media/oem/AA50F1DA50F1AD67/NDP-vivado-main/Undolog/Undolog/Undolog.xpr
open_project /media/oem/AA50F1DA50F1AD67/NDP_project/Undolog2/PCIeMEM/PCIeMEM.xpr
update_compile_order -fileset sources_1
ipx::edit_ip_in_project -upgrade true -name memops_scheduler_v1_1_project -directory /media/oem/AA50F1DA50F1AD67/NDP_project/Undolog2/PCIeMEM/PCIeMEM.tmp/memops_scheduler_v1_1_project /media/oem/AA50F1DA50F1AD67/NDP_project/Undolog2/ip_repo/memops_scheduler_1.1/component.xml
current_project PCIeMEM
close_project
