#-----------------------------------------------------------
# Vivado v2018.2 (64-bit)
# SW Build 2258646 on Thu Jun 14 20:02:38 MDT 2018
# IP Build 2256618 on Thu Jun 14 22:10:49 MDT 2018
# Start of session at: Tue Jan 31 17:50:56 2023
# Process ID: 3839801
# Current directory: /mnt/AA50F1DA50F1AD67/tmpsw/pchase
# Command line: vivado
# Log file: /mnt/AA50F1DA50F1AD67/tmpsw/pchase/vivado.log
# Journal file: /mnt/AA50F1DA50F1AD67/tmpsw/pchase/vivado.jou
#-----------------------------------------------------------
start_gui
open_project /mnt/AA50F1DA50F1AD67/temp/NearPM/NearPM.xpr
update_compile_order -fileset sources_1
open_bd_design {/mnt/AA50F1DA50F1AD67/temp/NearPM/NearPM.srcs/sources_1/bd/design_5/design_5.bd}
open_bd_design {/mnt/AA50F1DA50F1AD67/temp/NearPM/NearPM.srcs/sources_1/bd/design_3/design_3.bd}
open_bd_design {/mnt/AA50F1DA50F1AD67/temp/NearPM/NearPM.srcs/sources_1/bd/design_1/design_1.bd}
open_bd_design {/mnt/AA50F1DA50F1AD67/temp/NearPM/NearPM.srcs/sources_1/bd/design_2/design_2.bd}
open_bd_design {/mnt/AA50F1DA50F1AD67/temp/NearPM/NearPM.srcs/sources_1/bd/design_4/design_4.bd}
current_bd_design [get_bd_designs design_2]
current_bd_design [get_bd_designs design_1]
current_bd_design [get_bd_designs design_3]
current_bd_design [get_bd_designs design_1]
current_bd_design [get_bd_designs design_3]
current_bd_design [get_bd_designs design_1]
current_bd_design [get_bd_designs design_2]
current_bd_design [get_bd_designs design_4]
current_bd_design [get_bd_designs design_3]
current_bd_design [get_bd_designs design_1]
current_bd_design [get_bd_designs design_2]
current_bd_design [get_bd_designs design_4]
current_bd_design [get_bd_designs design_2]
current_bd_design [get_bd_designs design_5]
current_bd_design [get_bd_designs design_3]
current_bd_design [get_bd_designs design_1]
current_bd_design [get_bd_designs design_2]
current_bd_design [get_bd_designs design_4]
current_bd_design [get_bd_designs design_5]
close_project
open_project /mnt/AA50F1DA50F1AD67/Pmem-spec/NearPM/ip_repo/multi_thread/project_1/project_1.xpr
update_compile_order -fileset sources_1
open_bd_design {/mnt/AA50F1DA50F1AD67/Pmem-spec/NearPM/ip_repo/multi_thread/project_1/project_1.srcs/sources_1/bd/design_5/design_5.bd}
